// Jest Snapshot v1, https://goo.gl/fbAQLP

exports[`reders correctly 1`] = `
<a
  className="normal"
  href="#"
  onMouseEnter={[Function]}
  onMouseLeave={[Function]}
>
  Facebook
</a>
`;
